
> frontend@0.0.0 test
> vitest run


[1m[46m RUN [49m[22m [36mv4.0.18 [39m[90mC:/Users/abous/dev/belagirkahoot/frontend[39m

 [32mÔ£ô[39m src/test/apiClient.test.ts [2m([22m[2m4 tests[22m[2m)[22m[33m 608[2mms[22m[39m
     [33m[2mÔ£ô[22m[39m clears auth and redirects to /login on 401 from a non-auth endpoint [33m 602[2mms[22m[39m
 [31mÔØ»[39m src/test/PrayerArcTransition.test.tsx [2m([22m[2m5 tests[22m[2m | [22m[31m1 failed[39m[2m)[22m[32m 172[2mms[22m[39m
     [32mÔ£ô[39m renders all 5 prayer labels[32m 111[2mms[22m[39m
     [32mÔ£ô[39m calls onComplete after 1600ms[32m 18[2mms[22m[39m
     [32mÔ£ô[39m does not call onComplete before animation ends[32m 11[2mms[22m[39m
[31m     [31m├ù[31m lights up all 5 dots by the end of the animation[39m[32m 21[2mms[22m[39m
     [32mÔ£ô[39m does not call onComplete after unmount[32m 9[2mms[22m[39m
 [32mÔ£ô[39m src/test/useWebSocket.test.ts [2m([22m[2m4 tests[22m[2m)[22m[32m 37[2mms[22m[39m
 [32mÔ£ô[39m src/test/ProtectedRoute.test.tsx [2m([22m[2m2 tests[22m[2m)[22m[32m 117[2mms[22m[39m
 [32mÔ£ô[39m src/test/LeaderboardDisplay.test.tsx [2m([22m[2m15 tests[22m[2m)[22m[33m 520[2mms[22m[39m
 [32mÔ£ô[39m src/test/HostLobbyPage.test.tsx [2m([22m[2m4 tests[22m[2m)[22m[33m 404[2mms[22m[39m
 [32mÔ£ô[39m src/test/ConfirmModal.test.tsx [2m([22m[2m4 tests[22m[2m)[22m[33m 1164[2mms[22m[39m
     [33m[2mÔ£ô[22m[39m calls onConfirm when Delete button is clicked [33m 583[2mms[22m[39m
 [32mÔ£ô[39m src/test/PodiumScreen.test.tsx [2m([22m[2m22 tests[22m[2m)[22m[33m 2177[2mms[22m[39m
     [33m[2mÔ£ô[22m[39m renders the game over heading [33m 334[2mms[22m[39m
     [33m[2mÔ£ô[22m[39m renders the end button when onEnd is provided [33m 354[2mms[22m[39m
 [32mÔ£ô[39m src/test/authStore.test.ts [2m([22m[2m3 tests[22m[2m)[22m[32m 12[2mms[22m[39m
 [32mÔ£ô[39m src/test/HostGamePage.test.tsx [2m([22m[2m9 tests[22m[2m)[22m[33m 1591[2mms[22m[39m
     [33m[2mÔ£ô[22m[39m renders question when question message received [33m 333[2mms[22m[39m
     [33m[2mÔ£ô[22m[39m shows leaderboard and next question button [33m 380[2mms[22m[39m
 [32mÔ£ô[39m src/test/JoinPage.test.tsx [2m([22m[2m4 tests[22m[2m)[22m[33m 1815[2mms[22m[39m
     [33m[2mÔ£ô[22m[39m disables submit until code is 6 digits and name is filled [33m 1018[2mms[22m[39m
     [33m[2mÔ£ô[22m[39m only allows digits in the code field [33m 495[2mms[22m[39m
 [32mÔ£ô[39m src/test/App.test.tsx [2m([22m[2m1 test[22m[2m)[22m[32m 42[2mms[22m[39m
 [32mÔ£ô[39m src/test/PlayerGamePage.test.tsx [2m([22m[2m13 tests[22m[2m)[22m[33m 2672[2mms[22m[39m
     [33m[2mÔ£ô[22m[39m displays question and options on question message [33m 724[2mms[22m[39m
     [33m[2mÔ£ô[22m[39m sends answer_submitted and replaces options with locked-in waiting state [33m 344[2mms[22m[39m
     [33m[2mÔ£ô[22m[39m does not show correct/incorrect feedback before answer_reveal message [33m 326[2mms[22m[39m
 [32mÔ£ô[39m src/test/SessionHistoryPage.test.tsx [2m([22m[2m7 tests[22m[2m)[22m[33m 2259[2mms[22m[39m
     [33m[2mÔ£ô[22m[39m shows Delete button only for waiting sessions [33m 577[2mms[22m[39m
     [33m[2mÔ£ô[22m[39m opens confirm modal and calls endSession when delete is confirmed [33m 1097[2mms[22m[39m
 [32mÔ£ô[39m src/test/GenerateQuizModal.test.tsx [2m([22m[2m5 tests[22m[2m)[22m[33m 2494[2mms[22m[39m
     [33m[2mÔ£ô[22m[39m renders the modal with form fields [33m 671[2mms[22m[39m
     [33m[2mÔ£ô[22m[39m shows inline error when question count exceeds 10 [33m 592[2mms[22m[39m
     [33m[2mÔ£ô[22m[39m blocks submit when count exceeds 10 [33m 1052[2mms[22m[39m
 [32mÔ£ô[39m src/test/QuizFormPage.test.tsx [2m([22m[2m9 tests[22m[2m)[22m[33m 3855[2mms[22m[39m
     [33m[2mÔ£ô[22m[39m shows validation error when title is empty [33m 654[2mms[22m[39m
     [33m[2mÔ£ô[22m[39m shows validation error when no correct option selected [33m 427[2mms[22m[39m
     [33m[2mÔ£ô[22m[39m can add and remove a question [33m 734[2mms[22m[39m
     [33m[2mÔ£ô[22m[39m can add an option up to 4 [33m 1188[2mms[22m[39m
     [33m[2mÔ£ô[22m[39m opens GenerateQuizModal when Generate with AI is clicked [33m 301[2mms[22m[39m
 [32mÔ£ô[39m src/test/QuizListPage.test.tsx [2m([22m[2m6 tests[22m[2m)[22m[33m 2845[2mms[22m[39m
     [33m[2mÔ£ô[22m[39m opens confirm modal when Delete is clicked [33m 800[2mms[22m[39m
     [33m[2mÔ£ô[22m[39m closes modal and does not delete when Cancel is clicked [33m 987[2mms[22m[39m
     [33m[2mÔ£ô[22m[39m calls deleteQuiz and closes modal when confirmed [33m 481[2mms[22m[39m

[2m Test Files [22m [1m[31m1 failed[39m[22m[2m | [22m[1m[32m16 passed[39m[22m[90m (17)[39m
[2m      Tests [22m [1m[31m1 failed[39m[22m[2m | [22m[1m[32m116 passed[39m[22m[90m (117)[39m
[2m   Start at [22m 01:24:17
[2m   Duration [22m 12.67s[2m (transform 2.82s, setup 10.91s, import 43.88s, tests 22.78s, environment 68.85s)[22m

