src/pages/AdminDashboardPage.tsx(3,1): error TS6192: All imports in import declaration are unused.
src/pages/HostGamePage.tsx(5,1): error TS6133: 'CrescentIcon' is declared but its value is never read.
src/pages/HostLobbyPage.tsx(7,23): error TS6133: 'CrescentIcon' is declared but its value is never read.
src/pages/JoinPage.tsx(5,23): error TS6133: 'CrescentIcon' is declared but its value is never read.
src/pages/LandingPage.tsx(16,10): error TS6133: 'CrescentMoon' is declared but its value is never read.
src/pages/LoginPage.tsx(4,10): error TS6133: 'CrescentIcon' is declared but its value is never read.
src/pages/QuizFormPage.tsx(6,1): error TS6133: 'CrescentIcon' is declared but its value is never read.
src/pages/RegisterPage.tsx(4,10): error TS6133: 'CrescentIcon' is declared but its value is never read.
